[2024-10-26 05:51:27,158] [INFO] [config.py:1000:print]   checkpoint_parallel_write_pipeline  False
[2024-10-26 05:51:27,158] [INFO] [config.py:1000:print]   checkpoint_tag_validation_enabled  True
[2024-10-26 05:51:27,159] [INFO] [config.py:1000:print]   checkpoint_tag_validation_fail  False
[2024-10-26 05:51:27,159] [INFO] [config.py:1000:print]   comms_config ................. <deepspeed.comm.config.DeepSpeedCommsConfig object at 0x7f78ddb2b310>
[2024-10-26 05:51:27,159] [INFO] [config.py:1000:print]   communication_data_type ...... None
[2024-10-26 05:51:27,159] [INFO] [config.py:1000:print]   compile_config ............... enabled=False backend='inductor' kwargs={}
[2024-10-26 05:51:27,159] [INFO] [config.py:1000:print]   compression_config ........... {'weight_quantization': {'shared_parameters': {'enabled': False, 'quantizer_kernel': False, 'schedule_offset': 0, 'quantize_groups': 1, 'quantize_verbose': False, 'quantization_type': 'symmetric', 'quantize_weight_in_forward': False, 'rounding': 'nearest', 'fp16_mixed_quantize': False, 'quantize_change_ratio': 0.001}, 'different_groups': {}}, 'activation_quantization': {'shared_parameters': {'enabled': False, 'quantization_type': 'symmetric', 'range_calibration': 'dynamic', 'schedule_offset': 1000}, 'different_groups': {}}, 'sparse_pruning': {'shared_parameters': {'enabled': False, 'method': 'l1', 'schedule_offset': 1000}, 'different_groups': {}}, 'row_pruning': {'shared_parameters': {'enabled': False, 'method': 'l1', 'schedule_offset': 1000}, 'different_groups': {}}, 'head_pruning': {'shared_parameters': {'enabled': False, 'method': 'topk', 'schedule_offset': 1000}, 'different_groups': {}}, 'channel_pruning': {'shared_parameters': {'enabled': False, 'method': 'l1', 'schedule_offset': 1000}, 'different_groups': {}}, 'layer_reduction': {'enabled': False}}
[2024-10-26 05:51:27,159] [INFO] [config.py:1000:print]   curriculum_enabled_legacy .... False
[2024-10-26 05:51:27,159] [INFO] [config.py:1000:print]   curriculum_params_legacy ..... False
[2024-10-26 05:51:27,159] [INFO] [config.py:1000:print]   data_efficiency_config ....... {'enabled': False, 'seed': 1234, 'data_sampling': {'enabled': False, 'num_epochs': 1000, 'num_workers': 0, 'curriculum_learning': {'enabled': False}}, 'data_routing': {'enabled': False, 'random_ltd': {'enabled': False, 'layer_token_lr_schedule': {'enabled': False}}}}
[2024-10-26 05:51:27,159] [INFO] [config.py:1000:print]   data_efficiency_enabled ...... False
[2024-10-26 05:51:27,159] [INFO] [config.py:1000:print]   dataloader_drop_last ......... False
[2024-10-26 05:51:27,159] [INFO] [config.py:1000:print]   disable_allgather ............ False
[2024-10-26 05:51:27,159] [INFO] [config.py:1000:print]   dump_state ................... False
[2024-10-26 05:51:27,159] [INFO] [config.py:1000:print]   dynamic_loss_scale_args ...... None
[2024-10-26 05:51:27,159] [INFO] [config.py:1000:print]   eigenvalue_enabled ........... False
[2024-10-26 05:51:27,159] [INFO] [config.py:1000:print]   eigenvalue_gas_boundary_resolution  1
[2024-10-26 05:51:27,160] [INFO] [config.py:1000:print]   eigenvalue_layer_name ........ bert.encoder.layer
[2024-10-26 05:51:27,160] [INFO] [config.py:1000:print]   eigenvalue_layer_num ......... 0
[2024-10-26 05:51:27,160] [INFO] [config.py:1000:print]   eigenvalue_max_iter .......... 100
[2024-10-26 05:51:27,160] [INFO] [config.py:1000:print]   eigenvalue_stability ......... 1e-06
[2024-10-26 05:51:27,160] [INFO] [config.py:1000:print]   eigenvalue_tol ............... 0.01
[2024-10-26 05:51:27,160] [INFO] [config.py:1000:print]   eigenvalue_verbose ........... False
[2024-10-26 05:51:27,160] [INFO] [config.py:1000:print]   elasticity_enabled ........... False
[2024-10-26 05:51:27,160] [INFO] [config.py:1000:print]   flops_profiler_config ........ {
    "enabled": false, 
    "recompute_fwd_factor": 0.0, 
    "profile_step": 1, 
    "module_depth": -1, 
    "top_modules": 1, 
    "detailed": true, 
    "output_file": null
}
[2024-10-26 05:51:27,160] [INFO] [config.py:1000:print]   fp16_auto_cast ............... None
[2024-10-26 05:51:27,160] [INFO] [config.py:1000:print]   fp16_enabled ................. False
[2024-10-26 05:51:27,160] [INFO] [config.py:1000:print]   fp16_master_weights_and_gradients  False
[2024-10-26 05:51:27,160] [INFO] [config.py:1000:print]   global_rank .................. 0
[2024-10-26 05:51:27,160] [INFO] [config.py:1000:print]   grad_accum_dtype ............. None
[2024-10-26 05:51:27,160] [INFO] [config.py:1000:print]   gradient_accumulation_steps .. 4
[2024-10-26 05:51:27,160] [INFO] [config.py:1000:print]   gradient_clipping ............ 0.0
[2024-10-26 05:51:27,160] [INFO] [config.py:1000:print]   gradient_predivide_factor .... 1.0
[2024-10-26 05:51:27,161] [INFO] [config.py:1000:print]   graph_harvesting ............. False
[2024-10-26 05:51:27,161] [INFO] [config.py:1000:print]   hybrid_engine ................ enabled=False max_out_tokens=512 inference_tp_size=1 release_inference_cache=False pin_parameters=True tp_gather_partition_size=8
[2024-10-26 05:51:27,161] [INFO] [config.py:1000:print]   initial_dynamic_scale ........ 1
[2024-10-26 05:51:27,161] [INFO] [config.py:1000:print]   load_universal_checkpoint .... False
[2024-10-26 05:51:27,161] [INFO] [config.py:1000:print]   loss_scale ................... 1.0
[2024-10-26 05:51:27,161] [INFO] [config.py:1000:print]   memory_breakdown ............. False
[2024-10-26 05:51:27,161] [INFO] [config.py:1000:print]   mics_hierarchial_params_gather  False
[2024-10-26 05:51:27,161] [INFO] [config.py:1000:print]   mics_shard_size .............. -1
[2024-10-26 05:51:27,161] [INFO] [config.py:1000:print]   monitor_config ............... tensorboard=TensorBoardConfig(enabled=False, output_path='', job_name='DeepSpeedJobName') wandb=WandbConfig(enabled=False, group=None, team=None, project='deepspeed') csv_monitor=CSVConfig(enabled=False, output_path='', job_name='DeepSpeedJobName') enabled=False
[2024-10-26 05:51:27,161] [INFO] [config.py:1000:print]   nebula_config ................ {
    "enabled": false, 
    "persistent_storage_path": null, 
    "persistent_time_interval": 100, 
    "num_of_version_in_retention": 2, 
    "enable_nebula_load": true, 
    "load_path": null
}
[2024-10-26 05:51:27,161] [INFO] [config.py:1000:print]   optimizer_legacy_fusion ...... False
[2024-10-26 05:51:27,161] [INFO] [config.py:1000:print]   optimizer_name ............... None
[2024-10-26 05:51:27,161] [INFO] [config.py:1000:print]   optimizer_params ............. None
[2024-10-26 05:51:27,161] [INFO] [config.py:1000:print]   pipeline ..................... {'stages': 'auto', 'partition': 'best', 'seed_layers': False, 'activation_checkpoint_interval': 0, 'pipe_partitioned': True, 'grad_partitioned': True}
[2024-10-26 05:51:27,162] [INFO] [config.py:1000:print]   pld_enabled .................. False
[2024-10-26 05:51:27,162] [INFO] [config.py:1000:print]   pld_params ................... False
[2024-10-26 05:51:27,162] [INFO] [config.py:1000:print]   prescale_gradients ........... False
[2024-10-26 05:51:27,162] [INFO] [config.py:1000:print]   scheduler_name ............... None
[2024-10-26 05:51:27,162] [INFO] [config.py:1000:print]   scheduler_params ............. None
[2024-10-26 05:51:27,162] [INFO] [config.py:1000:print]   seq_parallel_communication_data_type  torch.float32
[2024-10-26 05:51:27,162] [INFO] [config.py:1000:print]   sparse_attention ............. None
[2024-10-26 05:51:27,162] [INFO] [config.py:1000:print]   sparse_gradients_enabled ..... False
[2024-10-26 05:51:27,162] [INFO] [config.py:1000:print]   steps_per_print .............. inf
[2024-10-26 05:51:27,162] [INFO] [config.py:1000:print]   train_batch_size ............. 512
[2024-10-26 05:51:27,162] [INFO] [config.py:1000:print]   train_micro_batch_size_per_gpu  16
[2024-10-26 05:51:27,162] [INFO] [config.py:1000:print]   use_data_before_expert_parallel_  False
[2024-10-26 05:51:27,162] [INFO] [config.py:1000:print]   use_node_local_storage ....... False
[2024-10-26 05:51:27,162] [INFO] [config.py:1000:print]   wall_clock_breakdown ......... False
[2024-10-26 05:51:27,162] [INFO] [config.py:1000:print]   weight_quantization_config ... None
[2024-10-26 05:51:27,162] [INFO] [config.py:1000:print]   world_size ................... 8
[2024-10-26 05:51:27,163] [INFO] [config.py:1000:print]   zero_allow_untested_optimizer  True
[2024-10-26 05:51:27,163] [INFO] [config.py:1000:print]   zero_config .................. stage=3 contiguous_gradients=True reduce_scatter=True reduce_bucket_size=500,000,000 use_multi_rank_bucket_allreduce=True allgather_partitions=True allgather_bucket_size=500,000,000 overlap_comm=True load_from_fp32_weights=True elastic_checkpoint=False offload_param=DeepSpeedZeroOffloadParamConfig(device='none', nvme_path=None, buffer_count=5, buffer_size=100,000,000, max_in_cpu=1,000,000,000, pin_memory=False) offload_optimizer=DeepSpeedZeroOffloadOptimizerConfig(device='none', nvme_path=None, buffer_count=4, pin_memory=False, pipeline=False, pipeline_read=False, pipeline_write=False, fast_init=False, ratio=1.0) sub_group_size=1,000,000,000 cpu_offload_param=None cpu_offload_use_pin_memory=None cpu_offload=None prefetch_bucket_size=50,000,000 param_persistence_threshold=100,000 model_persistence_threshold=sys.maxsize max_live_parameters=1,000,000,000 max_reuse_distance=1,000,000,000 gather_16bit_weights_on_model_save=True stage3_gather_fp16_weights_on_model_save=False ignore_unused_parameters=True legacy_stage1=False round_robin_gradients=False zero_hpz_partition_size=1 zero_quantized_weights=False zero_quantized_nontrainable_weights=False zero_quantized_gradients=False mics_shard_size=-1 mics_hierarchical_params_gather=False memory_efficient_linear=True pipeline_loading_checkpoint=False override_module_apply=True
[2024-10-26 05:51:27,163] [INFO] [config.py:1000:print]   zero_enabled ................. True
[2024-10-26 05:51:27,163] [INFO] [config.py:1000:print]   zero_force_ds_cpu_optimizer .. True
[2024-10-26 05:51:27,163] [INFO] [config.py:1000:print]   zero_optimization_stage ...... 3
[2024-10-26 05:51:27,163] [INFO] [config.py:986:print_user_config]   json = {
    "train_batch_size": 512, 
    "train_micro_batch_size_per_gpu": 16, 
    "gradient_accumulation_steps": 4, 
    "zero_optimization": {
        "stage": 3, 
        "offload_optimizer": {
            "device": "none", 
            "nvme_path": null
        }, 
        "offload_param": {
            "device": "none", 
            "nvme_path": null
        }, 
        "stage3_gather_16bit_weights_on_model_save": true
    }, 
    "steps_per_print": inf, 
    "bf16": {
        "enabled": true
    }, 
    "fp16": {
        "enabled": false
    }, 
    "zero_allow_untested_optimizer": true, 
    "zero_optimization.reduce_bucket_size": 1.284506e+07, 
    "zero_optimization.stage3_param_persistence_threshold": 3.584000e+04, 
    "zero_optimization.stage3_prefetch_bucket_size": 0
}
[2024-10-26 05:51:27,164] [INFO] [logging.py:96:log_dist] [Rank 0] DeepSpeed info: version=0.14.1, git-hash=unknown, git-branch=unknown
[2024-10-26 05:51:27,171] [INFO] [logging.py:96:log_dist] [Rank 0] DeepSpeed Flops Profiler Enabled: False
[2024-10-26 05:51:27,173] [INFO] [logging.py:96:log_dist] [Rank 0] Creating ZeRO Offload
[2024-10-26 05:51:27,304] [INFO] [utils.py:772:see_memory_usage] DeepSpeedZeRoOffload initialize [begin]
[2024-10-26 05:51:27,305] [INFO] [utils.py:773:see_memory_usage] MA 18.03 GB         Max_MA 18.03 GB         CA 22.24 GB         Max_CA 22 GB 
[2024-10-26 05:51:27,320] [INFO] [utils.py:780:see_memory_usage] CPU Virtual Memory:  used = 37.22 GB, percent = 2.0%
Parameter Offload: Total persistent parameters: 333312 in 141 params
[2024-10-26 05:51:27,469] [INFO] [utils.py:772:see_memory_usage] DeepSpeedZeRoOffload initialize [end]
[2024-10-26 05:51:27,470] [INFO] [utils.py:773:see_memory_usage] MA 18.03 GB         Max_MA 18.03 GB         CA 22.24 GB         Max_CA 22 GB 
[2024-10-26 05:51:27,476] [INFO] [utils.py:780:see_memory_usage] CPU Virtual Memory:  used = 37.22 GB, percent = 2.0%
[2024-10-26 05:51:27,477] [INFO] [config.py:996:print] DeepSpeedEngine configuration:
[2024-10-26 05:51:27,478] [INFO] [config.py:1000:print]   activation_checkpointing_config  {
    "partition_activations": false, 
    "contiguous_memory_optimization": false, 
    "cpu_checkpointing": false, 
    "number_checkpoints": null, 
    "synchronize_checkpoint_boundary": false, 
    "profile": false
}
[2024-10-26 05:51:27,478] [INFO] [config.py:1000:print]   aio_config ................... {'block_size': 1048576, 'queue_depth': 8, 'thread_count': 1, 'single_submit': False, 'overlap_events': True}
[2024-10-26 05:51:27,478] [INFO] [config.py:1000:print]   amp_enabled .................. False
[2024-10-26 05:51:27,478] [INFO] [config.py:1000:print]   amp_params ................... False
[2024-10-26 05:51:27,478] [INFO] [config.py:1000:print]   autotuning_config ............ {
    "enabled": false, 
    "start_step": null, 
    "end_step": null, 
    "metric_path": null, 
    "arg_mappings": null, 
    "metric": "throughput", 
    "model_info": null, 
    "results_dir": "autotuning_results", 
    "exps_dir": "autotuning_exps", 
    "overwrite": true, 
    "fast": true, 
    "start_profile_step": 3, 
    "end_profile_step": 5, 
    "tuner_type": "gridsearch", 
    "tuner_early_stopping": 5, 
    "tuner_num_trials": 50, 
    "model_info_path": null, 
    "mp_size": 1, 
    "max_train_batch_size": null, 
    "min_train_batch_size": 1, 
    "max_train_micro_batch_size_per_gpu": 1.024000e+03, 
    "min_train_micro_batch_size_per_gpu": 1, 
    "num_tuning_micro_batch_sizes": 3
}
[2024-10-26 05:51:27,478] [INFO] [config.py:1000:print]   bfloat16_enabled ............. True
[2024-10-26 05:51:27,479] [INFO] [config.py:1000:print]   bfloat16_immediate_grad_update  False
[2024-10-26 05:51:27,479] [INFO] [config.py:1000:print]   checkpoint_parallel_write_pipeline  False
[2024-10-26 05:51:27,479] [INFO] [config.py:1000:print]   checkpoint_tag_validation_enabled  True
[2024-10-26 05:51:27,479] [INFO] [config.py:1000:print]   checkpoint_tag_validation_fail  False
[2024-10-26 05:51:27,479] [INFO] [config.py:1000:print]   comms_config ................. <deepspeed.comm.config.DeepSpeedCommsConfig object at 0x7f78ddabd1e0>
[2024-10-26 05:51:27,479] [INFO] [config.py:1000:print]   communication_data_type ...... None
[2024-10-26 05:51:27,479] [INFO] [config.py:1000:print]   compile_config ............... enabled=False backend='inductor' kwargs={}
[2024-10-26 05:51:27,479] [INFO] [config.py:1000:print]   compression_config ........... {'weight_quantization': {'shared_parameters': {'enabled': False, 'quantizer_kernel': False, 'schedule_offset': 0, 'quantize_groups': 1, 'quantize_verbose': False, 'quantization_type': 'symmetric', 'quantize_weight_in_forward': False, 'rounding': 'nearest', 'fp16_mixed_quantize': False, 'quantize_change_ratio': 0.001}, 'different_groups': {}}, 'activation_quantization': {'shared_parameters': {'enabled': False, 'quantization_type': 'symmetric', 'range_calibration': 'dynamic', 'schedule_offset': 1000}, 'different_groups': {}}, 'sparse_pruning': {'shared_parameters': {'enabled': False, 'method': 'l1', 'schedule_offset': 1000}, 'different_groups': {}}, 'row_pruning': {'shared_parameters': {'enabled': False, 'method': 'l1', 'schedule_offset': 1000}, 'different_groups': {}}, 'head_pruning': {'shared_parameters': {'enabled': False, 'method': 'topk', 'schedule_offset': 1000}, 'different_groups': {}}, 'channel_pruning': {'shared_parameters': {'enabled': False, 'method': 'l1', 'schedule_offset': 1000}, 'different_groups': {}}, 'layer_reduction': {'enabled': False}}
[2024-10-26 05:51:27,479] [INFO] [config.py:1000:print]   curriculum_enabled_legacy .... False
[2024-10-26 05:51:27,479] [INFO] [config.py:1000:print]   curriculum_params_legacy ..... False
[2024-10-26 05:51:27,479] [INFO] [config.py:1000:print]   data_efficiency_config ....... {'enabled': False, 'seed': 1234, 'data_sampling': {'enabled': False, 'num_epochs': 1000, 'num_workers': 0, 'curriculum_learning': {'enabled': False}}, 'data_routing': {'enabled': False, 'random_ltd': {'enabled': False, 'layer_token_lr_schedule': {'enabled': False}}}}
[2024-10-26 05:51:27,479] [INFO] [config.py:1000:print]   data_efficiency_enabled ...... False
[2024-10-26 05:51:27,480] [INFO] [config.py:1000:print]   dataloader_drop_last ......... False
[2024-10-26 05:51:27,480] [INFO] [config.py:1000:print]   disable_allgather ............ False
[2024-10-26 05:51:27,480] [INFO] [config.py:1000:print]   dump_state ................... False
[2024-10-26 05:51:27,480] [INFO] [config.py:1000:print]   dynamic_loss_scale_args ...... None
[2024-10-26 05:51:27,480] [INFO] [config.py:1000:print]   eigenvalue_enabled ........... False
[2024-10-26 05:51:27,480] [INFO] [config.py:1000:print]   eigenvalue_gas_boundary_resolution  1
[2024-10-26 05:51:27,480] [INFO] [config.py:1000:print]   eigenvalue_layer_name ........ bert.encoder.layer
[2024-10-26 05:51:27,480] [INFO] [config.py:1000:print]   eigenvalue_layer_num ......... 0
[2024-10-26 05:51:27,480] [INFO] [config.py:1000:print]   eigenvalue_max_iter .......... 100
[2024-10-26 05:51:27,480] [INFO] [config.py:1000:print]   eigenvalue_stability ......... 1e-06
[2024-10-26 05:51:27,480] [INFO] [config.py:1000:print]   eigenvalue_tol ............... 0.01
[2024-10-26 05:51:27,480] [INFO] [config.py:1000:print]   eigenvalue_verbose ........... False
[2024-10-26 05:51:27,480] [INFO] [config.py:1000:print]   elasticity_enabled ........... False
[2024-10-26 05:51:27,480] [INFO] [config.py:1000:print]   flops_profiler_config ........ {
    "enabled": false, 
    "recompute_fwd_factor": 0.0, 
    "profile_step": 1, 
    "module_depth": -1, 
    "top_modules": 1, 
    "detailed": true, 
    "output_file": null
}
[2024-10-26 05:51:27,481] [INFO] [config.py:1000:print]   fp16_auto_cast ............... None
[2024-10-26 05:51:27,481] [INFO] [config.py:1000:print]   fp16_enabled ................. False
[2024-10-26 05:51:27,481] [INFO] [config.py:1000:print]   fp16_master_weights_and_gradients  False
[2024-10-26 05:51:27,481] [INFO] [config.py:1000:print]   global_rank .................. 0
[2024-10-26 05:51:27,481] [INFO] [config.py:1000:print]   grad_accum_dtype ............. None
[2024-10-26 05:51:27,481] [INFO] [config.py:1000:print]   gradient_accumulation_steps .. 4
[2024-10-26 05:51:27,481] [INFO] [config.py:1000:print]   gradient_clipping ............ 0.0
[2024-10-26 05:51:27,481] [INFO] [config.py:1000:print]   gradient_predivide_factor .... 1.0
[2024-10-26 05:51:27,481] [INFO] [config.py:1000:print]   graph_harvesting ............. False
[2024-10-26 05:51:27,481] [INFO] [config.py:1000:print]   hybrid_engine ................ enabled=False max_out_tokens=512 inference_tp_size=1 release_inference_cache=False pin_parameters=True tp_gather_partition_size=8
[2024-10-26 05:51:27,481] [INFO] [config.py:1000:print]   initial_dynamic_scale ........ 1
[2024-10-26 05:51:27,481] [INFO] [config.py:1000:print]   load_universal_checkpoint .... False
[2024-10-26 05:51:27,481] [INFO] [config.py:1000:print]   loss_scale ................... 1.0
[2024-10-26 05:51:27,481] [INFO] [config.py:1000:print]   memory_breakdown ............. False
[2024-10-26 05:51:27,482] [INFO] [config.py:1000:print]   mics_hierarchial_params_gather  False
[2024-10-26 05:51:27,482] [INFO] [config.py:1000:print]   mics_shard_size .............. -1
[2024-10-26 05:51:27,482] [INFO] [config.py:1000:print]   monitor_config ............... tensorboard=TensorBoardConfig(enabled=False, output_path='', job_name='DeepSpeedJobName') wandb=WandbConfig(enabled=False, group=None, team=None, project='deepspeed') csv_monitor=CSVConfig(enabled=False, output_path='', job_name='DeepSpeedJobName') enabled=False
[2024-10-26 05:51:27,482] [INFO] [config.py:1000:print]   nebula_config ................ {
    "enabled": false, 
    "persistent_storage_path": null, 
    "persistent_time_interval": 100, 
    "num_of_version_in_retention": 2, 
    "enable_nebula_load": true, 
    "load_path": null
}
[2024-10-26 05:51:27,482] [INFO] [config.py:1000:print]   optimizer_legacy_fusion ...... False
[2024-10-26 05:51:27,482] [INFO] [config.py:1000:print]   optimizer_name ............... None
[2024-10-26 05:51:27,482] [INFO] [config.py:1000:print]   optimizer_params ............. None
[2024-10-26 05:51:27,482] [INFO] [config.py:1000:print]   pipeline ..................... {'stages': 'auto', 'partition': 'best', 'seed_layers': False, 'activation_checkpoint_interval': 0, 'pipe_partitioned': True, 'grad_partitioned': True}
[2024-10-26 05:51:27,482] [INFO] [config.py:1000:print]   pld_enabled .................. False
[2024-10-26 05:51:27,482] [INFO] [config.py:1000:print]   pld_params ................... False
[2024-10-26 05:51:27,482] [INFO] [config.py:1000:print]   prescale_gradients ........... False
[2024-10-26 05:51:27,482] [INFO] [config.py:1000:print]   scheduler_name ............... None
[2024-10-26 05:51:27,482] [INFO] [config.py:1000:print]   scheduler_params ............. None
[2024-10-26 05:51:27,483] [INFO] [config.py:1000:print]   seq_parallel_communication_data_type  torch.float32
[2024-10-26 05:51:27,483] [INFO] [config.py:1000:print]   sparse_attention ............. None
[2024-10-26 05:51:27,483] [INFO] [config.py:1000:print]   sparse_gradients_enabled ..... False
[2024-10-26 05:51:27,483] [INFO] [config.py:1000:print]   steps_per_print .............. inf
[2024-10-26 05:51:27,483] [INFO] [config.py:1000:print]   train_batch_size ............. 512
[2024-10-26 05:51:27,483] [INFO] [config.py:1000:print]   train_micro_batch_size_per_gpu  16
[2024-10-26 05:51:27,483] [INFO] [config.py:1000:print]   use_data_before_expert_parallel_  False
[2024-10-26 05:51:27,483] [INFO] [config.py:1000:print]   use_node_local_storage ....... False
[2024-10-26 05:51:27,483] [INFO] [config.py:1000:print]   wall_clock_breakdown ......... False
[2024-10-26 05:51:27,483] [INFO] [config.py:1000:print]   weight_quantization_config ... None
[2024-10-26 05:51:27,483] [INFO] [config.py:1000:print]   world_size ................... 8
[2024-10-26 05:51:27,483] [INFO] [config.py:1000:print]   zero_allow_untested_optimizer  True
[2024-10-26 05:51:27,483] [INFO] [config.py:1000:print]   zero_config .................. stage=3 contiguous_gradients=True reduce_scatter=True reduce_bucket_size=500,000,000 use_multi_rank_bucket_allreduce=True allgather_partitions=True allgather_bucket_size=500,000,000 overlap_comm=True load_from_fp32_weights=True elastic_checkpoint=False offload_param=DeepSpeedZeroOffloadParamConfig(device='none', nvme_path=None, buffer_count=5, buffer_size=100,000,000, max_in_cpu=1,000,000,000, pin_memory=False) offload_optimizer=DeepSpeedZeroOffloadOptimizerConfig(device='none', nvme_path=None, buffer_count=4, pin_memory=False, pipeline=False, pipeline_read=False, pipeline_write=False, fast_init=False, ratio=1.0) sub_group_size=1,000,000,000 cpu_offload_param=None cpu_offload_use_pin_memory=None cpu_offload=None prefetch_bucket_size=50,000,000 param_persistence_threshold=100,000 model_persistence_threshold=sys.maxsize max_live_parameters=1,000,000,000 max_reuse_distance=1,000,000,000 gather_16bit_weights_on_model_save=True stage3_gather_fp16_weights_on_model_save=False ignore_unused_parameters=True legacy_stage1=False round_robin_gradients=False zero_hpz_partition_size=1 zero_quantized_weights=False zero_quantized_nontrainable_weights=False zero_quantized_gradients=False mics_shard_size=-1 mics_hierarchical_params_gather=False memory_efficient_linear=True pipeline_loading_checkpoint=False override_module_apply=True
[2024-10-26 05:51:27,483] [INFO] [config.py:1000:print]   zero_enabled ................. True
[2024-10-26 05:51:27,484] [INFO] [config.py:1000:print]   zero_force_ds_cpu_optimizer .. True
[2024-10-26 05:51:27,484] [INFO] [config.py:1000:print]   zero_optimization_stage ...... 3
[2024-10-26 05:51:27,484] [INFO] [config.py:986:print_user_config]   json = {
    "train_batch_size": 512, 
    "train_micro_batch_size_per_gpu": 16, 
    "gradient_accumulation_steps": 4, 
    "zero_optimization": {
        "stage": 3, 
        "offload_optimizer": {
            "device": "none", 
            "nvme_path": null
        }, 
        "offload_param": {
            "device": "none", 
            "nvme_path": null
        }, 
        "stage3_gather_16bit_weights_on_model_save": true
    }, 
    "steps_per_print": inf, 
    "bf16": {
        "enabled": true
    }, 
    "fp16": {
        "enabled": false
    }, 
    "zero_allow_untested_optimizer": true, 
    "zero_optimization.reduce_bucket_size": 1.284506e+07, 
    "zero_optimization.stage3_param_persistence_threshold": 3.584000e+04, 
    "zero_optimization.stage3_prefetch_bucket_size": 0
}
===training policy===
  0%|          | 0/1 [00:00<?, ?it/s]From v4.47 onwards, when a model cache is to be returned, `generate` will return a `Cache` instance instead by default (as opposed to the legacy tuple of tuples format). If you want to keep returning the legacy format, please set `return_legacy_cache=True`.
From v4.47 onwards, when a model cache is to be returned, `generate` will return a `Cache` instance instead by default (as opposed to the legacy tuple of tuples format). If you want to keep returning the legacy format, please set `return_legacy_cache=True`.
From v4.47 onwards, when a model cache is to be returned, `generate` will return a `Cache` instance instead by default (as opposed to the legacy tuple of tuples format). If you want to keep returning the legacy format, please set `return_legacy_cache=True`.
From v4.47 onwards, when a model cache is to be returned, `generate` will return a `Cache` instance instead by default (as opposed to the legacy tuple of tuples format). If you want to keep returning the legacy format, please set `return_legacy_cache=True`.
From v4.47 onwards, when a model cache is to be returned, `generate` will return a `Cache` instance instead by default (as opposed to the legacy tuple of tuples format). If you want to keep returning the legacy format, please set `return_legacy_cache=True`.
From v4.47 onwards, when a model cache is to be returned, `generate` will return a `Cache` instance instead by default (as opposed to the legacy tuple of tuples format). If you want to keep returning the legacy format, please set `return_legacy_cache=True`.
From v4.47 onwards, when a model cache is to be returned, `generate` will return a `Cache` instance instead by default (as opposed to the legacy tuple of tuples format). If you want to keep returning the legacy format, please set `return_legacy_cache=True`.
From v4.47 onwards, when a model cache is to be returned, `generate` will return a `Cache` instance instead by default (as opposed to the legacy tuple of tuples format). If you want to keep returning the legacy format, please set `return_legacy_cache=True`.
n124-253-223:61839:63306 [0] NCCL INFO Using non-device net plugin version 0
n124-253-223:61839:63306 [0] NCCL INFO Using network Socket
n124-253-223:61844:63307 [5] NCCL INFO Using non-device net plugin version 0
n124-253-223:61844:63307 [5] NCCL INFO Using network Socket
n124-253-223:61846:63312 [7] NCCL INFO Using non-device net plugin version 0
n124-253-223:61846:63312 [7] NCCL INFO Using network Socket
n124-253-223:61842:63311 [3] NCCL INFO Using non-device net plugin version 0
n124-253-223:61842:63311 [3] NCCL INFO Using network Socket
n124-253-223:61843:63308 [4] NCCL INFO Using non-device net plugin version 0
n124-253-223:61843:63308 [4] NCCL INFO Using network Socket
n124-253-223:61845:63309 [6] NCCL INFO Using non-device net plugin version 0
n124-253-223:61845:63309 [6] NCCL INFO Using network Socket
n124-253-223:61841:63310 [2] NCCL INFO Using non-device net plugin version 0
n124-253-223:61841:63310 [2] NCCL INFO Using network Socket
n124-253-223:61840:63313 [1] NCCL INFO Using non-device net plugin version 0
n124-253-223:61840:63313 [1] NCCL INFO Using network Socket
n124-253-223:61840:63313 [1] NCCL INFO bootstrapSplit: rank 1 nranks 8 color -934961569 key 1 prev 0 next 2 - DONE
n124-253-223:61843:63308 [4] NCCL INFO bootstrapSplit: rank 4 nranks 8 color -934961569 key 4 prev 3 next 5 - DONE
n124-253-223:61842:63311 [3] NCCL INFO bootstrapSplit: rank 3 nranks 8 color -934961569 key 3 prev 2 next 4 - DONE
n124-253-223:61843:63308 [4] NCCL INFO comm 0x7fd3080d4c90 rank 4 nranks 8 cudaDev 4 nvmlDev 4 busId 900000 commId 0x4a24256f4dcdde9d - Init START
n124-253-223:61846:63312 [7] NCCL INFO bootstrapSplit: rank 7 nranks 8 color -934961569 key 7 prev 6 next 0 - DONE
n124-253-223:61841:63310 [2] NCCL INFO bootstrapSplit: rank 2 nranks 8 color -934961569 key 2 prev 1 next 3 - DONE
n124-253-223:61844:63307 [5] NCCL INFO bootstrapSplit: rank 5 nranks 8 color -934961569 key 5 prev 4 next 6 - DONE
n124-253-223:61845:63309 [6] NCCL INFO bootstrapSplit: rank 6 nranks 8 color -934961569 key 6 prev 5 next 7 - DONE
n124-253-223:61839:63306 [0] NCCL INFO bootstrapSplit: rank 0 nranks 8 color -934961569 key 0 prev 7 next 1 - DONE
n124-253-223:61840:63313 [1] NCCL INFO comm 0x7fdd880d4bb0 rank 1 nranks 8 cudaDev 1 nvmlDev 1 busId 200000 commId 0x4a24256f4dcdde9d - Init START
n124-253-223:61842:63311 [3] NCCL INFO comm 0x7f79400d4ba0 rank 3 nranks 8 cudaDev 3 nvmlDev 3 busId 800000 commId 0x4a24256f4dcdde9d - Init START
n124-253-223:61846:63312 [7] NCCL INFO comm 0x7f56cc0d4d70 rank 7 nranks 8 cudaDev 7 nvmlDev 7 busId c00000 commId 0x4a24256f4dcdde9d - Init START
n124-253-223:61841:63310 [2] NCCL INFO comm 0x7eefc40d42c0 rank 2 nranks 8 cudaDev 2 nvmlDev 2 busId 300000 commId 0x4a24256f4dcdde9d - Init START
n124-253-223:61844:63307 [5] NCCL INFO comm 0x7f67880d4b40 rank 5 nranks 8 cudaDev 5 nvmlDev 5 busId a00000 commId 0x4a24256f4dcdde9d - Init START
n124-253-223:61845:63309 [6] NCCL INFO comm 0x7f0b3c0d4560 rank 6 nranks 8 cudaDev 6 nvmlDev 6 busId b00000 commId 0x4a24256f4dcdde9d - Init START
n124-253-223:61839:63306 [0] NCCL INFO comm 0x7f6a6c0d4c10 rank 0 nranks 8 cudaDev 0 nvmlDev 0 busId 100000 commId 0x4a24256f4dcdde9d - Init START
n124-253-223:61841:63310 [2] NCCL INFO NCCL_TOPO_FILE set by environment to /opt/tiger/arnold/arnold_entrypoint/nccl_topo_files/azure_ndv5_topo.xml
n124-253-223:61843:63308 [4] NCCL INFO NCCL_TOPO_FILE set by environment to /opt/tiger/arnold/arnold_entrypoint/nccl_topo_files/azure_ndv5_topo.xml
n124-253-223:61842:63311 [3] NCCL INFO NCCL_TOPO_FILE set by environment to /opt/tiger/arnold/arnold_entrypoint/nccl_topo_files/azure_ndv5_topo.xml
n124-253-223:61846:63312 [7] NCCL INFO NCCL_TOPO_FILE set by environment to /opt/tiger/arnold/arnold_entrypoint/nccl_topo_files/azure_ndv5_topo.xml
n124-253-223:61839:63306 [0] NCCL INFO NCCL_TOPO_FILE set by environment to /opt/tiger/arnold/arnold_entrypoint/nccl_topo_files/azure_ndv5_topo.xml
n124-253-223:61840:63313 [1] NCCL INFO NCCL_TOPO_FILE set by environment to /opt/tiger/arnold/arnold_entrypoint/nccl_topo_files/azure_ndv5_topo.xml
n124-253-223:61844:63307 [5] NCCL INFO NCCL_TOPO_FILE set by environment to /opt/tiger/arnold/arnold_entrypoint/nccl_topo_files/azure_ndv5_topo.xml
n124-253-223:61845:63309 [6] NCCL INFO NCCL_TOPO_FILE set by environment to /opt/tiger/arnold/arnold_entrypoint/nccl_topo_files/azure_ndv5_topo.xml
n124-253-223:61840:63313 [1] NCCL INFO Setting affinity for GPU 1 to ffffffff,ffff0000,00000000
n124-253-223:61845:63309 [6] NCCL INFO Setting affinity for GPU 6 to ffff,ffffffff
n124-253-223:61842:63311 [3] NCCL INFO Setting affinity for GPU 3 to ffffffff,ffff0000,00000000
n124-253-223:61841:63310 [2] NCCL INFO Setting affinity for GPU 2 to ffffffff,ffff0000,00000000
n124-253-223:61843:63308 [4] NCCL INFO Setting affinity for GPU 4 to ffff,ffffffff
n124-253-223:61846:63312 [7] NCCL INFO Setting affinity for GPU 7 to ffff,ffffffff
n124-253-223:61839:63306 [0] NCCL INFO Setting affinity for GPU 0 to ffffffff,ffff0000,00000000
n124-253-223:61844:63307 [5] NCCL INFO Setting affinity for GPU 5 to ffff,ffffffff
n124-253-223:61842:63311 [3] NCCL INFO Trees [0] 4/-1/-1->3->2 [1] 4/-1/-1->3->2 [2] 4/-1/-1->3->2 [3] 4/-1/-1->3->2 [4] 4/-1/-1->3->2 [5] 4/-1/-1->3->2 [6] 4/-1/-1->3->2 [7] 4/-1/-1->3->2 [8] 4/-1/-1->3->2 [9] 4/-1/-1->3->2 [10] 4/-1/-1->3->2 [11] 4/-1/-1->3->2 [12] 4/-1/-1->3->2 [13] 4/-1/-1->3->2 [14] 4/-1/-1->3->2 [15] 4/-1/-1->3->2 [16] 4/-1/-1->3->2 [17] 4/-1/-1->3->2 [18] 4/-1/-1->3->2 [19] 4/-1/-1->3->2 [20] 4/-1/-1->3->2 [21] 4/-1/-1->3->2 [22] 4/-1/-1->3->2 [23] 4/-1/-1->3->2
n124-253-223:61843:63308 [4] NCCL INFO Trees [0] 5/-1/-1->4->3 [1] 5/-1/-1->4->3 [2] 5/-1/-1->4->3 [3] 5/-1/-1->4->3 [4] 5/-1/-1->4->3 [5] 5/-1/-1->4->3 [6] 5/-1/-1->4->3 [7] 5/-1/-1->4->3 [8] 5/-1/-1->4->3 [9] 5/-1/-1->4->3 [10] 5/-1/-1->4->3 [11] 5/-1/-1->4->3 [12] 5/-1/-1->4->3 [13] 5/-1/-1->4->3 [14] 5/-1/-1->4->3 [15] 5/-1/-1->4->3 [16] 5/-1/-1->4->3 [17] 5/-1/-1->4->3 [18] 5/-1/-1->4->3 [19] 5/-1/-1->4->3 [20] 5/-1/-1->4->3 [21] 5/-1/-1->4->3 [22] 5/-1/-1->4->3 [23] 5/-1/-1->4->3
n124-253-223:61845:63309 [6] NCCL INFO Trees [0] 7/-1/-1->6->5 [1] 7/-1/-1->6->5 [2] 7/-1/-1->6->5 [3] 7/-1/-1->6->5 [4] 7/-1/-1->6->5 [5] 7/-1/-1->6->5 [6] 7/-1/-1->6->5 [7] 7/-1/-1->6->5 [8] 7/-1/-1->6->5 [9] 7/-1/-1->6->5 [10] 7/-1/-1->6->5 [11] 7/-1/-1->6->5 [12] 7/-1/-1->6->5 [13] 7/-1/-1->6->5 [14] 7/-1/-1->6->5 [15] 7/-1/-1->6->5 [16] 7/-1/-1->6->5 [17] 7/-1/-1->6->5 [18] 7/-1/-1->6->5 [19] 7/-1/-1->6->5 [20] 7/-1/-1->6->5 [21] 7/-1/-1->6->5 [22] 7/-1/-1->6->5 [23] 7/-1/-1->6->5
n124-253-223:61839:63306 [0] NCCL INFO Channel 00/24 :    0   1   2   3   4   5   6   7
n124-253-223:61844:63307 [5] NCCL INFO Trees [0] 6/-1/-1->5->4 [1] 6/-1/-1->5->4 [2] 6/-1/-1->5->4 [3] 6/-1/-1->5->4 [4] 6/-1/-1->5->4 [5] 6/-1/-1->5->4 [6] 6/-1/-1->5->4 [7] 6/-1/-1->5->4 [8] 6/-1/-1->5->4 [9] 6/-1/-1->5->4 [10] 6/-1/-1->5->4 [11] 6/-1/-1->5->4 [12] 6/-1/-1->5->4 [13] 6/-1/-1->5->4 [14] 6/-1/-1->5->4 [15] 6/-1/-1->5->4 [16] 6/-1/-1->5->4 [17] 6/-1/-1->5->4 [18] 6/-1/-1->5->4 [19] 6/-1/-1->5->4 [20] 6/-1/-1->5->4 [21] 6/-1/-1->5->4 [22] 6/-1/-1->5->4 [23] 6/-1/-1->5->4
n124-253-223:61841:63310 [2] NCCL INFO Trees [0] 3/-1/-1->2->1 [1] 3/-1/-1->2->1 [2] 3/-1/-1->2->1 [3] 3/-1/-1->2->1 [4] 3/-1/-1->2->1 [5] 3/-1/-1->2->1 [6] 3/-1/-1->2->1 [7] 3/-1/-1->2->1 [8] 3/-1/-1->2->1 [9] 3/-1/-1->2->1 [10] 3/-1/-1->2->1 [11] 3/-1/-1->2->1 [12] 3/-1/-1->2->1 [13] 3/-1/-1->2->1 [14] 3/-1/-1->2->1 [15] 3/-1/-1->2->1 [16] 3/-1/-1->2->1 [17] 3/-1/-1->2->1 [18] 3/-1/-1->2->1 [19] 3/-1/-1->2->1 [20] 3/-1/-1->2->1 [21] 3/-1/-1->2->1 [22] 3/-1/-1->2->1 [23] 3/-1/-1->2->1
n124-253-223:61842:63311 [3] NCCL INFO P2P Chunksize set to 524288
n124-253-223:61840:63313 [1] NCCL INFO Trees [0] 2/-1/-1->1->0 [1] 2/-1/-1->1->0 [2] 2/-1/-1->1->0 [3] 2/-1/-1->1->0 [4] 2/-1/-1->1->0 [5] 2/-1/-1->1->0 [6] 2/-1/-1->1->0 [7] 2/-1/-1->1->0 [8] 2/-1/-1->1->0 [9] 2/-1/-1->1->0 [10] 2/-1/-1->1->0 [11] 2/-1/-1->1->0 [12] 2/-1/-1->1->0 [13] 2/-1/-1->1->0 [14] 2/-1/-1->1->0 [15] 2/-1/-1->1->0 [16] 2/-1/-1->1->0 [17] 2/-1/-1->1->0 [18] 2/-1/-1->1->0 [19] 2/-1/-1->1->0 [20] 2/-1/-1->1->0 [21] 2/-1/-1->1->0 [22] 2/-1/-1->1->0 [23] 2/-1/-1->1->0
n124-253-223:61846:63312 [7] NCCL INFO Trees [0] -1/-1/-1->7->6 [1] -1/-1/-1->7->6 [2] -1/-1/-1->7->6 [3] -1/-1/-1->7->6 [4] -1/-1/-1->7->6 [5] -1/-1/-1->7->6 [6] -1/-1/-1->7->6 [7] -1/-1/-1->7->6 [8] -1/-1/-1->7->6 [9] -1/-1/-1->7->6 [10] -1/-1/-1->7->6 [11] -1/-1/-1->7->6 [12] -1/-1/-1->7->6 [13] -1/-1/-1->7->6 [14] -1/-1/-1->7->6 [15] -1/-1/-1->7->6 [16] -1/-1/-1->7->6 [17] -1/-1/-1->7->6 [18] -1/-1/-1->7->6 [19] -1/-1/-1->7->6 [20] -1/-1/-1->7->6 [21] -1/-1/-1->7->6 [22] -1/-1/-1->7->6 [23] -1/-1/-1->7->6
n124-253-223:61843:63308 [4] NCCL INFO P2P Chunksize set to 524288
n124-253-223:61845:63309 [6] NCCL INFO P2P Chunksize set to 524288
n124-253-223:61839:63306 [0] NCCL INFO Channel 01/24 :    0   1   2   3   4   5   6   7
n124-253-223:61844:63307 [5] NCCL INFO P2P Chunksize set to 524288
n124-253-223:61841:63310 [2] NCCL INFO P2P Chunksize set to 524288
n124-253-223:61840:63313 [1] NCCL INFO P2P Chunksize set to 524288
n124-253-223:61846:63312 [7] NCCL INFO P2P Chunksize set to 524288
n124-253-223:61839:63306 [0] NCCL INFO Channel 02/24 :    0   1   2   3   4   5   6   7
n124-253-223:61839:63306 [0] NCCL INFO Channel 03/24 :    0   1   2   3   4   5   6   7
n124-253-223:61839:63306 [0] NCCL INFO Channel 04/24 :    0   1   2   3   4   5   6   7
n124-253-223:61839:63306 [0] NCCL INFO Channel 05/24 :    0   1   2   3   4   5   6   7
n124-253-223:61839:63306 [0] NCCL INFO Channel 06/24 :    0   1   2   3   4   5   6   7
n124-253-223:61839:63306 [0] NCCL INFO Channel 07/24 :    0   1   2   3   4   5   6   7
n124-253-223:61839:63306 [0] NCCL INFO Channel 08/24 :    0   1   2   3   4   5   6   7
n124-253-223:61839:63306 [0] NCCL INFO Channel 09/24 :    0   1   2   3   4   5   6   7
n124-253-223:61839:63306 [0] NCCL INFO Channel 10/24 :    0   1   2   3   4   5   6   7
n124-253-223:61839:63306 [0] NCCL INFO Channel 11/24 :    0   1   2   3   4   5   6   7
n124-253-223:61839:63306 [0] NCCL INFO Channel 12/24 :    0   1   2   3   4   5   6   7
n124-253-223:61839:63306 [0] NCCL INFO Channel 13/24 :    0   1   2   3   4   5   6   7
n124-253-223:61839:63306 [0] NCCL INFO Channel 14/24 :    0   1   2   3   4   5   6   7
n124-253-223:61839:63306 [0] NCCL INFO Channel 15/24 :    0   1   2   3   4   5   6   7
n124-253-223:61839:63306 [0] NCCL INFO Channel 16/24 :    0   1   2   3   4   5   6   7
n124-253-223:61839:63306 [0] NCCL INFO Channel 17/24 :    0   1   2   3   4   5   6   7
n124-253-223:61839:63306 [0] NCCL INFO Channel 18/24 :    0   1   2   3   4   5   6   7
n124-253-223:61839:63306 [0] NCCL INFO Channel 19/24 :    0   1   2   3   4   5   6   7
n124-253-223:61839:63306 [0] NCCL INFO Channel 20/24 :    0   1   2   3   4   5   6   7
n124-253-223:61839:63306 [0] NCCL INFO Channel 21/24 :    0   1   2   3   4   5   6   7
n124-253-223:61839:63306 [0] NCCL INFO Channel 22/24 :    0   1   2   3   4   5   6   7
n124-253-223:61839:63306 [0] NCCL INFO Channel 23/24 :    0   1   2   3   4   5   6   7
n124-253-223:61839:63306 [0] NCCL INFO Trees [0] 1/-1/-1->0->-1 [1] 1/-1/-1->0->-1 [2] 1/-1/-1->0->-1 [3] 1/-1/-1->0->-1 [4] 1/-1/-1->0->-1 [5] 1/-1/-1->0->-1 [6] 1/-1/-1->0->-1 [7] 1/-1/-1->0->-1 [8] 1/-1/-1->0->-1 [9] 1/-1/-1->0->-1 [10] 1/-1/-1->0->-1 [11] 1/-1/-1->0->-1 [12] 1/-1/-1->0->-1 [13] 1/-1/-1->0->-1 [14] 1/-1/-1->0->-1 [15] 1/-1/-1->0->-1 [16] 1/-1/-1->0->-1 [17] 1/-1/-1->0->-1 [18] 1/-1/-1->0->-1 [19] 1/-1/-1->0->-1 [20] 1/-1/-1->0->-1 [21] 1/-1/-1->0->-1 [22] 1/-1/-1->0->-1 [23] 1/-1/-1->0->-1
n124-253-223:61839:63306 [0] NCCL INFO P2P Chunksize set to 524288
n124-253-223:61845:63309 [6] NCCL INFO Channel 00/0 : 6[6] -> 7[7] via P2P/IPC
n124-253-223:61846:63312 [7] NCCL INFO Channel 00/0 : 7[7] -> 0[0] via P2P/IPC
n124-253-223:61845:63309 [6] NCCL INFO Channel 01/0 : 6[6] -> 7[7] via P2P/IPC
n124-253-223:61846:63312 [7] NCCL INFO Channel 01/0 : 7[7] -> 0[0] via P2P/IPC
n124-253-223:61843:63308 [4] NCCL INFO Channel 00/0 : 4[4] -> 5[5] via P2P/IPC
n124-253-223:61842:63311 [3] NCCL INFO Channel 00/0 : 3[3] -> 4[4] via P2P/IPC
n124-253-223:61840:63313 [1] NCCL INFO Channel 00/0 : 1[1] -> 2[2] via P2P/IPC
n124-253-223:61845:63309 [6] NCCL INFO Channel 02/0 : 6[6] -> 7[7] via P2P/IPC
n124-253-223:61846:63312 [7] NCCL INFO Channel 02/0 : 7[7] -> 0[0] via P2P/IPC
n124-253-223:61843:63308 [4] NCCL INFO Channel 01/0 : 4[4] -> 5[5] via P2P/IPC
n124-253-223:61842:63311 [3] NCCL INFO Channel 01/0 : 3[3] -> 4[4] via P2P/IPC
n124-253-223:61840:63313 [1] NCCL INFO Channel 01/0 : 1[1] -> 2[2] via P2P/IPC
n124-253-223:61845:63309 [6] NCCL INFO Channel 03/0 : 6[6] -> 7[7] via P2P/IPC
n124-253-223:61846:63312 [7] NCCL INFO Channel 03/0 : 7[7] -> 0[0] via P2P/IPC
n124-253-223:61843:63308 [4] NCCL INFO Channel 02/0 : 4[4] -> 5[5] via P2P/IPC
n124-253-223:61842:63311 [3] NCCL INFO Channel 02/0 : 3[3] -> 4[4] via P2P/IPC
n124-253-223:61840:63313 [1] NCCL INFO Channel 02/0 : 1[1] -> 2[2] via P2P/IPC
n124-253-223:61845:63309 [6] NCCL INFO Channel 04/0 : 6[6] -> 7[7] via P2P/IPC
n124-253-223:61846:63312 [7] NCCL INFO Channel 04/0 : 7[7] -> 0[0] via P2P/IPC
n124-253-223:61843:63308 [4] NCCL INFO Channel 03/0 : 4[4] -> 5[5] via P2P/IPC
n124-253-223:61842:63311 [3] NCCL INFO Channel 03/0 : 3[3] -> 4[4] via P2P/IPC
n124-253-223:61840:63313 [1] NCCL INFO Channel 03/0 : 1[1] -> 2[2] via P2P/IPC
n124-253-223:61845:63309 [6] NCCL INFO Channel 05/0 : 6[6] -> 7[7] via P2P/IPC
n124-253-223:61846:63312 [7] NCCL INFO Channel 05/0 : 7[7] -> 0[0] via P2P/IPC
n124-253-223:61843:63308 [4] NCCL INFO Channel 04/0 : 4[4] -> 5[5] via P2P/IPC
n124-253-223:61842:63311 [3] NCCL INFO Channel 04/0 : 3[3] -> 4[4] via P2P/IPC
n124-253-223:61840:63313 [1] NCCL INFO Channel 04/0 : 1[1] -> 2[2] via P2P/IPC
n124-253-223:61845:63309 [6] NCCL INFO Channel 06/0 : 6[6] -> 7[7] via P2P/IPC
n124-253-223:61846:63312 [7] NCCL INFO Channel 06/0 : 7[7] -> 0[0] via P2P/IPC
n124-253-223:61843:63308 [4] NCCL INFO Channel 05/0 : 4[4] -> 5[5] via P2P/IPC
n124-253-223:61842:63311 [3] NCCL INFO Channel 05/0 : 3[3] -> 4[4] via P2P/IPC
n124-253-223:61840:63313 [1] NCCL INFO Channel 05/0 : 1[1] -> 2[2] via P2P/IPC
n124-253-223:61845:63309 [6] NCCL INFO Channel 07/0 : 6[6] -> 7[7] via P2P/IPC
n124-253-223:61846:63312 [7] NCCL INFO Channel 07/0 : 7[7] -> 0[0] via P2P/IPC
n124-253-223:61843:63308 [4] NCCL INFO Channel 06/0 : 4[4] -> 5[5] via P2P/IPC
n124-253-223:61842:63311 [3] NCCL INFO Channel 06/0 : 3[3] -> 4[4] via P2P/IPC
n124-253-223:61840:63313 [1] NCCL INFO Channel 06/0 : 1[1] -> 2[2] via P2P/IPC
n124-253-223:61845:63309 [6] NCCL INFO Channel 08/0 : 6[6] -> 7[7] via P2P/IPC
n124-253-223:61842:63311 [3] NCCL INFO Channel 07/0 : 3[3] -> 4[4] via P2P/IPC
n124-253-223:61843:63308 [4] NCCL INFO Channel 07/0 : 4[4] -> 5[5] via P2P/IPC
n124-253-223:61846:63312 [7] NCCL INFO Channel 08/0 : 7[7] -> 0[0] via P2P/IPC
n124-253-223:61845:63309 [6] NCCL INFO Channel 09/0 : 6[6] -> 7[7] via P2P/IPC
n124-253-223:61842:63311 [3] NCCL INFO Channel 08/0 : 3[3] -> 4[4] via P2P/IPC
n124-253-223:61843:63308 [4] NCCL INFO Channel 08/0 : 4[4] -> 5[5] via P2P/IPC
n124-253-223:61841:63310 [2] NCCL INFO Channel 00/0 : 2[2] -> 3[3] via P2P/IPC
n124-253-223:61846:63312 [7] NCCL INFO Channel 09/0 : 7[7] -> 0[0] via P2P/IPC
n124-253-223:61845:63309 [6] NCCL INFO Channel 10/0 : 6[6] -> 7[7] via P2P/IPC
n124-253-223:61840:63313 [1] NCCL INFO Channel 07/0 : 1[1] -> 2[2] via P2P/IPC
n124-253-223:61842:63311 [3] NCCL INFO Channel 09/0 : 3[3] -> 4[4] via P2P/IPC
n124-253-223:61843:63308 [4] NCCL INFO Channel 09/0 : 4[4] -> 5[5] via P2P/IPC
n124-253-223:61841:63310 [2] NCCL INFO Channel 01/0 : 2[2] -> 3[3] via P2P/IPC
n124-253-223:61846:63312 [7] NCCL INFO Channel 10/0 : 7[7] -> 0[0] via P2P/IPC
n124-253-223:61845:63309 [6] NCCL INFO Channel 11/0 : 6[6] -> 7[7] via P2P/IPC
n124-253-223:61839:63306 [0] NCCL INFO Channel 00/0 : 0[0] -> 1[1] via P2P/IPC
n124-253-223:61840:63313 [1] NCCL INFO Channel 08/0 : 1[1] -> 2[2] via P2P/IPC
n124-253-223:61842:63311 [3] NCCL INFO Channel 10/0 : 3[3] -> 4[4] via P2P/IPC
n124-253-223:61843:63308 [4] NCCL INFO Channel 10/0 : 4[4] -> 5[5] via P2P/IPC
n124-253-223:61841:63310 [2] NCCL INFO Channel 02/0 : 2[2] -> 3[3] via P2P/IPC
n124-253-223:61846:63312 [7] NCCL INFO Channel 11/0 : 7[7] -> 0[0] via P2P/IPC
n124-253-223:61845:63309 [6] NCCL INFO Channel 12/0 : 6[6] -> 7[7] via P2P/IPC
n124-253-223:61839:63306 [0] NCCL INFO Channel 01/0 : 0[0] -> 1[1] via P2P/IPC
n124-253-223:61840:63313 [1] NCCL INFO Channel 09/0 : 1[1] -> 2[2] via P2P/IPC
n124-253-223:61842:63311 [3] NCCL INFO Channel 11/0 : 3[3] -> 4[4] via P2P/IPC
n124-253-223:61843:63308 [4] NCCL INFO Channel 11/0 : 4[4] -> 5[5] via P2P/IPC
n124-253-223:61841:63310 [2] NCCL INFO Channel 03/0 : 2[2] -> 3[3] via P2P/IPC
n124-253-223:61846:63312 [7] NCCL INFO Channel 12/0 : 7[7] -> 0[0] via P2P/IPC
n124-253-223:61845:63309 [6] NCCL INFO Channel 13/0 : 6[6] -> 7[7] via P2P/IPC
n124-253-223:61839:63306 [0] NCCL INFO Channel 02/0 : 0[0] -> 1[1] via P2P/IPC
n124-253-223:61840:63313 [1] NCCL INFO Channel 10/0 : 1[1] -> 2[2] via P2P/IPC
n124-253-223:61842:63311 [3] NCCL INFO Channel 12/0 : 3[3] -> 4[4] via P2P/IPC
n124-253-223:61843:63308 [4] NCCL INFO Channel 12/0 : 4[4] -> 5[5] via P2P/IPC
n124-253-223:61841:63310 [2] NCCL INFO Channel 04/0 : 2[2] -> 3[3] via P2P/IPC
n124-253-223:61846:63312 [7] NCCL INFO Channel 13/0 : 7[7] -> 0[0] via P2P/IPC
n124-253-223:61845:63309 [6] NCCL INFO Channel 14/0 : 6[6] -> 7[7] via P2P/IPC
n124-253-223:61839:63306 [0] NCCL INFO Channel 03/0 : 0[0] -> 1[1] via P2P/IPC
n124-253-223:61840:63313 [1] NCCL INFO Channel 11/0 : 1[1] -> 2[2] via P2P/IPC
n124-253-223:61842:63311 [3] NCCL INFO Channel 13/0 : 3[3] -> 4[4] via P2P/IPC
n124-253-223:61843:63308 [4] NCCL INFO Channel 13/0 : 4[4] -> 5[5] via P2P/IPC
n124-253-223:61841:63310 [2] NCCL INFO Channel 05/0 : 2[2] -> 3[3] via P2P/IPC
n124-253-223:61846:63312 [7] NCCL INFO Channel 14/0 : 7[7] -> 0[0] via P2P/IPC
n124-253-223:61845:63309 [6] NCCL INFO Channel 15/0 : 6[6] -> 7[7] via P2P/IPC
n124-253-223:61839:63306 [0] NCCL INFO Channel 04/0 : 0[0] -> 1[1] via P2P/IPC
n124-253-223:61840:63313 [1] NCCL INFO Channel 12/0 : 1[1] -> 2[2] via P2P/IPC
n124-253-223:61842:63311 [3] NCCL INFO Channel 14/0 : 3[3] -> 4[4] via P2P/IPC
n124-253-223:61843:63308 [4] NCCL INFO Channel 14/0 : 4[4] -> 5[5] via P2P/IPC
n124-253-223:61839:63306 [0] NCCL INFO Channel 05/0 : 0[0] -> 1[1] via P2P/IPC
n124-253-223:61840:63313 [1] NCCL INFO Channel 13/0 : 1[1] -> 2[2] via P2P/IPC
n124-253-223:61842:63311 [3] NCCL INFO Channel 15/0 : 3[3] -> 4[4] via P2P/IPC
n124-253-223:61839:63306 [0] NCCL INFO Channel 06/0 : 0[0] -> 1[1] via P2P/IPC
n124-253-223:61843:63308 [4] NCCL INFO Channel 15/0 : 4[4] -> 5[5] via P2P/IPC
n124-253-223:61840:63313 [1] NCCL INFO Channel 14/0 : 1[1] -> 2[2] via P2P/IPC
n124-253-223:61845:63309 [6] NCCL INFO Channel 16/0 : 6[6] -> 7[7] via P2P/IPC
n124-253-223:61841:63310 [2] NCCL INFO Channel 06/0 : 2[2] -> 3[3] via P2P/IPC
n124-253-223:61842:63311 [3] NCCL INFO Channel 16/0 : 3[3] -> 4[4] via P2P/IPC
n124-253-223:61843:63308 [4] NCCL INFO Channel 16/0 : 4[4] -> 5[5] via P2P/IPC
n124-253-223:61839:63306 [0] NCCL INFO Channel 07/0 : 0[0] -> 1[1] via P2P/IPC
n124-253-223:61840:63313 [1] NCCL INFO Channel 15/0 : 1[1] -> 2[2] via P2P/IPC
n124-253-223:61845:63309 [6] NCCL INFO Channel 17/0 : 6[6] -> 7[7] via P2P/IPC
n124-253-223:61841:63310 [2] NCCL INFO Channel 07/0 : 2[2] -> 3[3] via P2P/IPC
n124-253-223:61842:63311 [3] NCCL INFO Channel 17/0 : 3[3] -> 4[4] via P2P/IPC
n124-253-223:61843:63308 [4] NCCL INFO Channel 17/0 : 4[4] -> 5[5] via P2P/IPC
n124-253-223:61839:63306 [0] NCCL INFO Channel 08/0 : 0[0] -> 1[1] via P2P/IPC
n124-253-223:61840:63313 [1] NCCL INFO Channel 16/0 : 1[1] -> 2[2] via P2P/IPC
n124-253-223:61845:63309 [6] NCCL INFO Channel 18/0 : 6[6] -> 7[7] via P2P/IPC
n124-253-223:61841:63310 [2] NCCL INFO Channel 08/0 : 2[2] -> 3[3] via P2P/IPC
n124-253-223:61842:63311 [3] NCCL INFO Channel 18/0 : 3[3] -> 4[4] via P2P/IPC
n124-253-223:61843:63308 [4] NCCL INFO Channel 18/0 : 4[4] -> 5[5] via P2P/IPC
n124-253-223:61839:63306 [0] NCCL INFO Channel 09/0 : 0[0] -> 1[1] via P2P/IPC
n124-253-223:61840:63313 [1] NCCL INFO Channel 17/0 : 1[1] -> 2[2] via P2P/IPC
n124-253-223:61845:63309 [6] NCCL INFO Channel 19/0 : 6[6] -> 7[7] via P2P/IPC
n124-253-223:61841:63310 [2] NCCL INFO Channel 09/0 : 2[2] -> 3[3] via P2P/IPC
n124-253-223:61842:63311 [3] NCCL INFO Channel 19/0 : 3[3] -> 4[4] via P2P/IPC
n124-253-223:61843:63308 [4] NCCL INFO Channel 19/0 : 4[4] -> 5[5] via P2P/IPC
n124-253-223:61839:63306 [0] NCCL INFO Channel 10/0 : 0[0] -> 1[1] via P2P/IPC
n124-253-223:61840:63313 [1] NCCL INFO Channel 18/0 : 1[1] -> 2[2] via P2P/IPC
n124-253-223:61845:63309 [6] NCCL INFO Channel 20/0 : 6[6] -> 7[7] via P2P/IPC
n124-253-223:61841:63310 [2] NCCL INFO Channel 10/0 : 2[2] -> 3[3] via P2P/IPC
n124-253-223:61842:63311 [3] NCCL INFO Channel 20/0 : 3[3] -> 4[4] via P2P/IPC
n124-253-223:61843:63308 [4] NCCL INFO Channel 20/0 : 4[4] -> 5[5] via P2P/IPC
n124-253-223:61839:63306 [0] NCCL INFO Channel 11/0 : 0[0] -> 1[1] via P2P/IPC
n124-253-223:61840:63313 [1] NCCL INFO Channel 19/0 : 1[1] -> 2[2] via P2P/IPC
n124-253-223:61845:63309 [6] NCCL INFO Channel 21/0 : 6[6] -> 7[7] via P2P/IPC
n124-253-223:61841:63310 [2] NCCL INFO Channel 11/0 : 2[2] -> 3[3] via P2P/IPC
n124-253-223:61842:63311 [3] NCCL INFO Channel 21/0 : 3[3] -> 4[4] via P2P/IPC
n124-253-223:61843:63308 [4] NCCL INFO Channel 21/0 : 4[4] -> 5[5] via P2P/IPC
n124-253-223:61839:63306 [0] NCCL INFO Channel 12/0 : 0[0] -> 1[1] via P2P/IPC
n124-253-223:61846:63312 [7] NCCL INFO Channel 15/0 : 7[7] -> 0[0] via P2P/IPC
n124-253-223:61840:63313 [1] NCCL INFO Channel 20/0 : 1[1] -> 2[2] via P2P/IPC
n124-253-223:61846:63312 [7] NCCL INFO Channel 16/0 : 7[7] -> 0[0] via P2P/IPC
n124-253-223:61841:63310 [2] NCCL INFO Channel 12/0 : 2[2] -> 3[3] via P2P/IPC
n124-253-223:61839:63306 [0] NCCL INFO Channel 13/0 : 0[0] -> 1[1] via P2P/IPC
n124-253-223:61844:63307 [5] NCCL INFO Channel 00/0 : 5[5] -> 6[6] via P2P/IPC
n124-253-223:61846:63312 [7] NCCL INFO Channel 17/0 : 7[7] -> 0[0] via P2P/IPC
n124-253-223:61841:63310 [2] NCCL INFO Channel 13/0 : 2[2] -> 3[3] via P2P/IPC
n124-253-223:61839:63306 [0] NCCL INFO Channel 14/0 : 0[0] -> 1[1] via P2P/IPC
n124-253-223:61844:63307 [5] NCCL INFO Channel 01/0 : 5[5] -> 6[6] via P2P/IPC
n124-253-223:61846:63312 [7] NCCL INFO Channel 18/0 : 7[7] -> 0[0] via P2P/IPC
n124-253-223:61841:63310 [2] NCCL INFO Channel 14/0 : 2[2] -> 3[3] via P2P/IPC
n124-253-223:61839:63306 [0] NCCL INFO Channel 15/0 : 0[0] -> 1[1] via P2P/IPC
n124-253-223:61844:63307 [5] NCCL INFO Channel 02/0 : 5[5] -> 6[6] via P2P/IPC
n124-253-223:61846:63312 [7] NCCL INFO Channel 19/0 : 7[7] -> 0[0] via P2P/IPC
n124-253-223:61841:63310 [2] NCCL INFO Channel 15/0 : 2[2] -> 3[3] via P2P/IPC
n124-253-223:61839:63306 [0] NCCL INFO Channel 16/0 : 0[0] -> 1[1] via P2P/IPC
